HTTP/1.1 200 OK
Connection: close
Content-Type: application/json

[{"Player":"Joe Banyard","Team":"","Pos":"","Att":0,"Att/G":0,"Yds":7,"Avg":0,"Yds/G":0,"TD":6,"Lng":"7","1st":0,"1st%":0,"20+":0,"40+":0,"FUM":0},{"Player":"Shaun Hill","Team":"","Pos":"","Att":0,"Att/G":0,"Yds":5,"Avg":0,"Yds/G":0,"TD":2,"Lng":"9","1st":0,"1st%":0,"20+":0,"40+":0,"FUM":0},{"Player":"Breshad Perriman","Team":"","Pos":"","Att":0,"Att/G":0,"Yds":2,"Avg":0,"Yds/G":0,"TD":3,"Lng":"2","1st":0,"1st%":0,"20+":0,"40+":0,"FUM":0},{"Player":"Lance Dunbar","Team":"","Pos":"","Att":0,"Att/G":0,"Yds":31,"Avg":0,"Yds/G":0,"TD":4,"Lng":"10","1st":0,"1st%":0,"20+":0,"40+":0,"FUM":0},{"Player":"Tyreek Hill","Team":"","Pos":"","Att":0,"Att/G":0,"Yds":267,"Avg":0,"Yds/G":0,"TD":5,"Lng":"70T","1st":0,"1st%":0,"20+":0,"40+":0,"FUM":0}]